
> admin@0.1.0 dev /Users/hwang-youngseo/clean-ddd/apps/frontend
> next dev -- -p 3001

Invalid project directory provided, no such directory: /Users/hwang-youngseo/clean-ddd/apps/frontend/-p
 ELIFECYCLE  Command failed with exit code 1.

> admin@0.1.0 dev /Users/hwang-youngseo/clean-ddd/apps/frontend
> next dev -- -p 3001

Invalid project directory provided, no such directory: /Users/hwang-youngseo/clean-ddd/apps/frontend/-p
 ELIFECYCLE  Command failed with exit code 1.

> admin@0.1.0 dev /Users/hwang-youngseo/clean-ddd/apps/frontend
> next dev -- -p 3001

Invalid project directory provided, no such directory: /Users/hwang-youngseo/clean-ddd/apps/frontend/-p
 ELIFECYCLE  Command failed with exit code 1.

> admin@0.1.0 dev /Users/hwang-youngseo/clean-ddd/apps/frontend
> next dev -- -p 3001

Invalid project directory provided, no such directory: /Users/hwang-youngseo/clean-ddd/apps/frontend/-p
 ELIFECYCLE  Command failed with exit code 1.

> admin@0.1.0 dev /Users/hwang-youngseo/clean-ddd/apps/frontend
> next dev -- -p 3001

Invalid project directory provided, no such directory: /Users/hwang-youngseo/clean-ddd/apps/frontend/-p
 ELIFECYCLE  Command failed with exit code 1.

> admin@0.1.0 dev /Users/hwang-youngseo/clean-ddd/apps/frontend
> next dev -- -p 3001

Invalid project directory provided, no such directory: /Users/hwang-youngseo/clean-ddd/apps/frontend/-p
 ELIFECYCLE  Command failed with exit code 1.

> admin@0.1.0 dev /Users/hwang-youngseo/clean-ddd/apps/frontend
> next dev -- -p 3001

Invalid project directory provided, no such directory: /Users/hwang-youngseo/clean-ddd/apps/frontend/-p
 ELIFECYCLE  Command failed with exit code 1.

> admin@0.1.0 dev /Users/hwang-youngseo/clean-ddd/apps/frontend
> next dev -- -p 3001

Invalid project directory provided, no such directory: /Users/hwang-youngseo/clean-ddd/apps/frontend/-p
 ELIFECYCLE  Command failed with exit code 1.

> admin@0.1.0 dev /Users/hwang-youngseo/clean-ddd/apps/frontend
> next dev -- -p 3001

Invalid project directory provided, no such directory: /Users/hwang-youngseo/clean-ddd/apps/frontend/-p
 ELIFECYCLE  Command failed with exit code 1.

> admin@0.1.0 dev /Users/hwang-youngseo/clean-ddd/apps/frontend
> next dev -- -p 3001

Invalid project directory provided, no such directory: /Users/hwang-youngseo/clean-ddd/apps/frontend/-p
 ELIFECYCLE  Command failed with exit code 1.

> admin@0.1.0 dev /Users/hwang-youngseo/clean-ddd/apps/frontend
> next dev -- -p 3001

Invalid project directory provided, no such directory: /Users/hwang-youngseo/clean-ddd/apps/frontend/-p
 ELIFECYCLE  Command failed with exit code 1.

> admin@0.1.0 dev /Users/hwang-youngseo/clean-ddd/apps/frontend
> next dev -- -p 3001

Invalid project directory provided, no such directory: /Users/hwang-youngseo/clean-ddd/apps/frontend/-p
 ELIFECYCLE  Command failed with exit code 1.

> admin@0.1.0 dev /Users/hwang-youngseo/clean-ddd/apps/frontend
> next dev -- -p 3001

Invalid project directory provided, no such directory: /Users/hwang-youngseo/clean-ddd/apps/frontend/-p
 ELIFECYCLE  Command failed with exit code 1.

> admin@0.1.0 dev /Users/hwang-youngseo/clean-ddd/apps/frontend
> next dev -- -p 3001

Invalid project directory provided, no such directory: /Users/hwang-youngseo/clean-ddd/apps/frontend/-p
 ELIFECYCLE  Command failed with exit code 1.

> admin@0.1.0 dev /Users/hwang-youngseo/clean-ddd/apps/frontend
> next dev -- -p 3001

Invalid project directory provided, no such directory: /Users/hwang-youngseo/clean-ddd/apps/frontend/-p
 ELIFECYCLE  Command failed with exit code 1.

> admin@0.1.0 dev /Users/hwang-youngseo/clean-ddd/apps/frontend
> next dev -- -p 3001

Invalid project directory provided, no such directory: /Users/hwang-youngseo/clean-ddd/apps/frontend/-p
 ELIFECYCLE  Command failed with exit code 1.
⚠ Warning: Next.js inferred your workspace root, but it may not be correct.
 We detected multiple lockfiles and selected the directory of /Users/hwang-youngseo/package-lock.json as the root directory.
 To silence this warning, set `turbopack.root` in your Next.js config, or consider removing one of the lockfiles if it's not needed.
   See https://nextjs.org/docs/app/api-reference/config/next-config-js/turbopack#root-directory for more information.
 Detected additional lockfiles: 
   * /Users/hwang-youngseo/clean-ddd/pnpm-lock.yaml

▲ Next.js 16.1.6 (Turbopack)
- Local:         http://localhost:3001
- Network:       http://172.30.1.59:3001
- Environments: .env

✓ Starting...
✓ Ready in 858ms
 HEAD / 200 in 724ms (compile: 612ms, render: 112ms)
⚠ You are using a non-standard "NODE_ENV" value in your environment. This creates inconsistencies in the project and is strongly advised against. Read more: https://nextjs.org/docs/messages/non-standard-node-env
⚠ Warning: Next.js inferred your workspace root, but it may not be correct.
 We detected multiple lockfiles and selected the directory of /Users/hwang-youngseo/package-lock.json as the root directory.
 To silence this warning, set `turbopack.root` in your Next.js config, or consider removing one of the lockfiles if it's not needed.
   See https://nextjs.org/docs/app/api-reference/config/next-config-js/turbopack#root-directory for more information.
 Detected additional lockfiles: 
   * /Users/hwang-youngseo/clean-ddd/pnpm-lock.yaml

▲ Next.js 16.1.6 (Turbopack)
- Local:         http://localhost:3001
- Network:       http://172.30.1.59:3001
- Environments: .env

✓ Starting...

  We detected TypeScript in your project and reconfigured your tsconfig.json file for you.
  The following suggested values were added to your tsconfig.json. These values can be changed to fit your project's needs:

  	- include was updated to add '.next/dev/dev/types/**/*.ts'

⚠ You are using a non-standard "NODE_ENV" value in your environment. This creates inconsistencies in the project and is strongly advised against. Read more: https://nextjs.org/docs/messages/non-standard-node-env
✓ Ready in 536ms
 HEAD / 200 in 864ms (compile: 729ms, render: 136ms)
⚠ You are using a non-standard "NODE_ENV" value in your environment. This creates inconsistencies in the project and is strongly advised against. Read more: https://nextjs.org/docs/messages/non-standard-node-env
⚠ Warning: Next.js inferred your workspace root, but it may not be correct.
 We detected multiple lockfiles and selected the directory of /Users/hwang-youngseo/package-lock.json as the root directory.
 To silence this warning, set `turbopack.root` in your Next.js config, or consider removing one of the lockfiles if it's not needed.
   See https://nextjs.org/docs/app/api-reference/config/next-config-js/turbopack#root-directory for more information.
 Detected additional lockfiles: 
   * /Users/hwang-youngseo/clean-ddd/pnpm-lock.yaml

▲ Next.js 16.1.6 (Turbopack)
- Local:         http://localhost:3001
- Network:       http://172.30.1.59:3001
- Environments: .env

✓ Starting...
⚠ You are using a non-standard "NODE_ENV" value in your environment. This creates inconsistencies in the project and is strongly advised against. Read more: https://nextjs.org/docs/messages/non-standard-node-env
✓ Ready in 623ms
 GET /inventory/ 200 in 412ms (compile: 284ms, render: 129ms)
 GET / 200 in 68ms (compile: 36ms, render: 32ms)
 GET /orders/ 200 in 96ms (compile: 70ms, render: 26ms)
 GET /orders/detail/?id=1afc0d36-2c40-4e23-9572-d900c937185a 200 in 79ms (compile: 56ms, render: 24ms)
 GET /orders/detail/?id=990f7120-5a20-490f-bda2-35c529f564f0 200 in 23ms (compile: 5ms, render: 18ms)
 GET /shipments/ 200 in 104ms (compile: 73ms, render: 31ms)
 GET /inventory/ 200 in 40ms (compile: 7ms, render: 33ms)
 GET /orders/ 200 in 36ms (compile: 5ms, render: 31ms)
 GET /shipments/ 200 in 32ms (compile: 6ms, render: 26ms)
 GET /orders/ 200 in 40ms (compile: 8ms, render: 32ms)
